[ckpt] tensors in checkpoint : 367
[ckpt] tensors in model      : 369
[ckpt] MATCHED & LOADED      : 364
[ckpt] shape mismatches      : 0 []
[ckpt] unexpected (ckpt only): 3 ['image_queue', 'text_queue', 'queue_ptr']
[ckpt] missing  (model only) : 5 ['text_encoder.cls.predictions.bias', 'text_encoder.cls.predictions.transform.dense.weight', 'text_encoder.cls.predictions.transform.dense.bias', 'text_encoder.cls.predictions.transform.LayerNorm.weight', 'text_encoder.cls.predictions.transform.LayerNorm.bias']
[ckpt]   of which visual_encoder=149 text_encoder=199 heads=16
[ckpt] temp=0.087654  organs=['lung', 'heart', 'esophagus', 'aorta']
CKPT matched 364
shard 1: 250 volumes
[1] 0/250 2s
Mask id: 0 Rank: 0 Incomplete lung 0.9996711554123618
Mask id: 0 Rank: 0 Incomplete lung 0.9999634762014015
Mask id: 0 Rank: 0 Incomplete aorta 0.9997852497238925
Mask id: 0 Rank: 0 Incomplete lung 0.9999720617063779
Mask id: 0 Rank: 0 Incomplete lung 0.9999984597272588
Mask id: 0 Rank: 0 Incomplete lung 0.9999663237766815
[1] 25/250 7s
Mask id: 0 Rank: 0 Incomplete lung 0.9999694278420642
Mask id: 0 Rank: 0 Incomplete lung 0.9999786292396731
Mask id: 0 Rank: 0 Incomplete lung 0.9999904427492006
Mask id: 0 Rank: 0 Incomplete lung 0.9999489261727827
Mask id: 0 Rank: 0 Incomplete lung 0.9999839141983339
Mask id: 0 Rank: 0 Incomplete lung 0.9999852349566619
Mask id: 0 Rank: 0 Incomplete lung 0.9999526176695246
Mask id: 0 Rank: 0 Incomplete lung 0.999934329986765
Mask id: 0 Rank: 0 Incomplete aorta 0.9917627677100495
[1] 50/250 12s
Mask id: 0 Rank: 0 Incomplete lung 0.9999448237302101
Mask id: 0 Rank: 0 Incomplete lung 0.9999906564236153
Mask id: 0 Rank: 0 Incomplete lung 0.9998830874660898
Mask id: 0 Rank: 0 Incomplete lung 0.9999959032819491
Mask id: 0 Rank: 0 Incomplete lung 0.9999989485001669
Mask id: 0 Rank: 0 Incomplete lung 0.9999972698668378
Mask id: 0 Rank: 0 Incomplete aorta 0.9998741980123286
[1] 75/250 17s
Mask id: 0 Rank: 0 Incomplete lung 0.9999889045282205
Mask id: 0 Rank: 0 Incomplete aorta 0.9971917072767821
Mask id: 0 Rank: 0 Incomplete lung 0.9999324793341474
Mask id: 0 Rank: 0 Incomplete lung 0.9999967752459278
Mask id: 0 Rank: 0 Incomplete lung 0.9999467826342481
Mask id: 0 Rank: 0 Incomplete lung 0.9999728077034952
Mask id: 0 Rank: 0 Incomplete lung 0.9999874750628501
Mask id: 0 Rank: 0 Incomplete lung 0.9999897092379485
Mask id: 0 Rank: 0 Incomplete lung 0.9999848091349182
Mask id: 0 Rank: 0 Incomplete lung 0.999970276174868
Mask id: 0 Rank: 0 Incomplete lung 0.9999357335544518
[1] 100/250 22s
Mask id: 0 Rank: 0 Incomplete lung 0.999998204455106
Mask id: 0 Rank: 0 Incomplete lung 0.9999035607064388
Mask id: 0 Rank: 0 Incomplete lung 0.9999844918250207
Mask id: 0 Rank: 0 Incomplete lung 0.9999949550822141
Mask id: 0 Rank: 0 Incomplete lung 0.9999585204994131
Mask id: 0 Rank: 0 Incomplete lung 0.9999771268691406
Mask id: 0 Rank: 0 Incomplete aorta 0.9995462623359928
Mask id: 0 Rank: 0 Incomplete lung 0.9999815751911032
Mask id: 0 Rank: 0 Incomplete lung 0.999986405707224
[1] 125/250 27s
Mask id: 0 Rank: 0 Incomplete lung 0.999993565500789
Mask id: 0 Rank: 0 Incomplete lung 0.999998718016926
Mask id: 0 Rank: 0 Incomplete lung 0.9999797893667046
Mask id: 0 Rank: 0 Incomplete lung 0.9999790565446272
Mask id: 0 Rank: 0 Incomplete lung 0.9999937727401133
Mask id: 0 Rank: 0 Incomplete lung 0.9999100479371561
Mask id: 0 Rank: 0 Incomplete lung 0.9999991471669953
Mask id: 0 Rank: 0 Incomplete aorta 0.9961531017129585
Mask id: 0 Rank: 0 Incomplete lung 0.9999641664087265
Mask id: 0 Rank: 0 Incomplete lung 0.9999681598402014
[1] 150/250 32s
Mask id: 0 Rank: 0 Incomplete lung 0.99996071215067
Mask id: 0 Rank: 0 Incomplete lung 0.9999924806941823
Mask id: 0 Rank: 0 Incomplete lung 0.9999765747827536
Mask id: 0 Rank: 0 Incomplete lung 0.9999642710592331
Mask id: 0 Rank: 0 Incomplete lung 0.9999433293013524
Mask id: 0 Rank: 0 Incomplete esophagus 0.9992233009708738
Mask id: 0 Rank: 0 Incomplete lung 0.9999693134435349
Mask id: 0 Rank: 0 Incomplete lung 0.999947214766872
Mask id: 0 Rank: 0 Incomplete lung 0.9999968768036459
Mask id: 0 Rank: 0 Incomplete aorta 0.9990388576136208
Mask id: 0 Rank: 0 Incomplete lung 0.9999379597139578
Mask id: 0 Rank: 0 Incomplete lung 0.9998459533120038
Mask id: 0 Rank: 0 Incomplete lung 0.9999238178835362
Mask id: 0 Rank: 0 Incomplete lung 0.999942284136228
Mask id: 0 Rank: 0 Incomplete lung 0.9998989605873543
[1] 175/250 38s
Mask id: 0 Rank: 0 Incomplete lung 0.9999672498441959
Mask id: 0 Rank: 0 Incomplete lung 0.9999706267876354
Mask id: 0 Rank: 0 Incomplete lung 0.9999515657003066
Mask id: 0 Rank: 0 Incomplete lung 0.9999065418282206
Mask id: 0 Rank: 0 Incomplete lung 0.9999955424028925
Mask id: 0 Rank: 0 Incomplete lung 0.9998974988786001
Mask id: 0 Rank: 0 Incomplete lung 0.999971220675067
[1] 200/250 43s
Mask id: 0 Rank: 0 Incomplete lung 0.9999951507892394
Mask id: 0 Rank: 0 Incomplete lung 0.9999688803605461
Mask id: 0 Rank: 0 Incomplete lung 0.9999369256579024
Mask id: 0 Rank: 0 Incomplete lung 0.9999527839172253
Mask id: 0 Rank: 0 Incomplete lung 0.9999908395233346
Mask id: 0 Rank: 0 Incomplete lung 0.9996041501515025
Mask id: 0 Rank: 0 Incomplete lung 0.9999725185733515
Mask id: 0 Rank: 0 Incomplete lung 0.9999828847259551
[1] 225/250 48s
Mask id: 0 Rank: 0 Incomplete lung 0.9999399398658191
Mask id: 0 Rank: 0 Incomplete lung 0.9999825798188118
Mask id: 0 Rank: 0 Incomplete lung 0.9998104375799466
Mask id: 0 Rank: 0 Incomplete lung 0.9999844748012641
Mask id: 0 Rank: 0 Incomplete lung 0.9998365162850875
Mask id: 0 Rank: 0 Incomplete lung 0.9999487036239957
Mask id: 0 Rank: 0 Incomplete lung 0.9998074605432831
SHARD_DONE 1
