[ckpt] tensors in checkpoint : 367
[ckpt] tensors in model      : 369
[ckpt] MATCHED & LOADED      : 364
[ckpt] shape mismatches      : 0 []
[ckpt] unexpected (ckpt only): 3 ['image_queue', 'text_queue', 'queue_ptr']
[ckpt] missing  (model only) : 5 ['text_encoder.cls.predictions.bias', 'text_encoder.cls.predictions.transform.dense.weight', 'text_encoder.cls.predictions.transform.dense.bias', 'text_encoder.cls.predictions.transform.LayerNorm.weight', 'text_encoder.cls.predictions.transform.LayerNorm.bias']
[ckpt]   of which visual_encoder=149 text_encoder=199 heads=16
[ckpt] temp=0.087654  organs=['lung', 'heart', 'esophagus', 'aorta']
CKPT matched 364
shard 2: 250 volumes
Mask id: 0 Rank: 0 Incomplete lung 0.9999011176491069
[2] 0/250 2s
Mask id: 0 Rank: 0 Incomplete lung 0.9999969658887004
Mask id: 0 Rank: 0 Incomplete lung 0.9999601018667461
Mask id: 0 Rank: 0 Incomplete lung 0.9999938712346398
[2] 25/250 6s
Mask id: 0 Rank: 0 Incomplete lung 0.9999731512663754
Mask id: 0 Rank: 0 Incomplete lung 0.9999869023684685
Mask id: 0 Rank: 0 Incomplete lung 0.9999758128235035
Mask id: 0 Rank: 0 Incomplete lung 0.999888903250755
Mask id: 0 Rank: 0 Incomplete lung 0.9999813449836302
Mask id: 0 Rank: 0 Incomplete lung 0.9999560346844468
[2] 50/250 10s
Mask id: 0 Rank: 0 Incomplete lung 0.9999734936002822
Mask id: 0 Rank: 0 Incomplete lung 0.9999831770669777
Mask id: 0 Rank: 0 Incomplete esophagus 0.9932228915662651
Mask id: 0 Rank: 0 Incomplete lung 0.9999548756825053
Mask id: 0 Rank: 0 Incomplete lung 0.9999982107887648
Mask id: 0 Rank: 0 Incomplete lung 0.9999452755754057
Mask id: 0 Rank: 0 Incomplete lung 0.9999411685313935
Mask id: 0 Rank: 0 Incomplete lung 0.9999676863355268
[2] 75/250 14s
Mask id: 0 Rank: 0 Incomplete lung 0.9999683772860822
Mask id: 0 Rank: 0 Incomplete lung 0.9999717674221147
Mask id: 0 Rank: 0 Incomplete lung 0.9999913180125194
Mask id: 0 Rank: 0 Incomplete lung 0.9999890476373016
Mask id: 0 Rank: 0 Incomplete lung 0.9999611896574452
Mask id: 0 Rank: 0 Incomplete lung 0.9999941424960316
Mask id: 0 Rank: 0 Incomplete aorta 0.9990756147162138
Mask id: 0 Rank: 0 Incomplete lung 0.9999751246147058
Mask id: 0 Rank: 0 Incomplete lung 0.9999300970808372
Mask id: 0 Rank: 0 Incomplete lung 0.9999950028677986
Mask id: 0 Rank: 0 Incomplete lung 0.9999564971945749
Mask id: 0 Rank: 0 Incomplete lung 0.999953106638318
[2] 100/250 18s
Mask id: 0 Rank: 0 Incomplete lung 0.9999008058069447
Mask id: 0 Rank: 0 Incomplete lung 0.9998984398159839
Mask id: 0 Rank: 0 Incomplete lung 0.9998707970221218
Mask id: 0 Rank: 0 Incomplete lung 0.9999103663722422
Mask id: 0 Rank: 0 Incomplete lung 0.9999721449380798
Mask id: 0 Rank: 0 Incomplete aorta 0.9997569157469979
Mask id: 0 Rank: 0 Incomplete lung 0.9999932572588673
Mask id: 0 Rank: 0 Incomplete lung 0.9999905898491658
Mask id: 0 Rank: 0 Incomplete aorta 0.9972235076353541
Mask id: 0 Rank: 0 Incomplete lung 0.999891303821424
Mask id: 0 Rank: 0 Incomplete lung 0.9999856757784064
Mask id: 0 Rank: 0 Incomplete aorta 0.9999771266497404
Mask id: 0 Rank: 0 Incomplete lung 0.99993635476889
[2] 125/250 22s
Mask id: 0 Rank: 0 Incomplete lung 0.9999854719640037
Mask id: 0 Rank: 0 Incomplete lung 0.9999076357074521
Mask id: 0 Rank: 0 Incomplete lung 0.999966934014464
Mask id: 0 Rank: 0 Incomplete lung 0.9998742465423874
Mask id: 0 Rank: 0 Incomplete lung 0.9999422365175101
Mask id: 0 Rank: 0 Incomplete lung 0.9999812433325909
Mask id: 0 Rank: 0 Incomplete lung 0.9999799862305266
[2] 150/250 26s
Mask id: 0 Rank: 0 Incomplete lung 0.9999962053404141
Mask id: 0 Rank: 0 Incomplete lung 0.9999752868411416
Mask id: 0 Rank: 0 Incomplete lung 0.9999661826559296
Mask id: 0 Rank: 0 Incomplete aorta 0.9998987136635268
Mask id: 0 Rank: 0 Incomplete lung 0.9999271190894609
Mask id: 0 Rank: 0 Incomplete lung 0.9999386724017992
Mask id: 0 Rank: 0 Incomplete lung 0.9999154087582064
[2] 175/250 30s
Mask id: 0 Rank: 0 Incomplete lung 0.9999516161774467
Mask id: 0 Rank: 0 Incomplete lung 0.9999812100560512
Mask id: 0 Rank: 0 Incomplete lung 0.999986929272113
Mask id: 0 Rank: 0 Incomplete lung 0.9999726089790897
Mask id: 0 Rank: 0 Incomplete esophagus 0.9980388311433614
Mask id: 0 Rank: 0 Incomplete lung 0.9999986765478545
Mask id: 0 Rank: 0 Incomplete lung 0.9999905524273592
Mask id: 0 Rank: 0 Incomplete lung 0.9999960575091146
Mask id: 0 Rank: 0 Incomplete lung 0.9999688911630521
Mask id: 0 Rank: 0 Incomplete lung 0.999953019614311
Mask id: 0 Rank: 0 Incomplete lung 0.9999914100546826
Mask id: 0 Rank: 0 Incomplete lung 0.9999350050371096
Mask id: 0 Rank: 0 Incomplete heart 0.9932661290322581
Mask id: 0 Rank: 0 Incomplete esophagus 0.9970351545955104
Mask id: 0 Rank: 0 Incomplete aorta 0.9984527057290606
[2] 200/250 34s
Mask id: 0 Rank: 0 Incomplete lung 0.9999676043892701
Mask id: 0 Rank: 0 Incomplete lung 0.9999408935916309
Mask id: 0 Rank: 0 Incomplete esophagus 0.962280701754386
Mask id: 0 Rank: 0 Incomplete lung 0.9999736148560538
Mask id: 0 Rank: 0 Incomplete lung 0.999963731399008
Mask id: 0 Rank: 0 Incomplete lung 0.9999912770649504
Mask id: 0 Rank: 0 Incomplete lung 0.9999737798756467
Mask id: 0 Rank: 0 Incomplete lung 0.9999781863871422
[2] 225/250 38s
Mask id: 0 Rank: 0 Incomplete lung 0.999996773337442
Mask id: 0 Rank: 0 Incomplete lung 0.9999745730335579
Mask id: 0 Rank: 0 Incomplete lung 0.9999849871184114
Mask id: 0 Rank: 0 Incomplete lung 0.9999518546652829
Mask id: 0 Rank: 0 Incomplete lung 0.9999805937633418
Mask id: 0 Rank: 0 Incomplete lung 0.9999484725131168
Mask id: 0 Rank: 0 Incomplete lung 0.9999649945543948
Mask id: 0 Rank: 0 Incomplete lung 0.9999001383931136
SHARD_DONE 2
