NVIDIA L40S
[ckpt] tensors in checkpoint : 367
[ckpt] tensors in model      : 369
[ckpt] MATCHED & LOADED      : 364
[ckpt] shape mismatches      : 0 []
[ckpt] unexpected (ckpt only): 3 ['image_queue', 'text_queue', 'queue_ptr']
[ckpt] missing  (model only) : 5 ['text_encoder.cls.predictions.bias', 'text_encoder.cls.predictions.transform.dense.weight', 'text_encoder.cls.predictions.transform.dense.bias', 'text_encoder.cls.predictions.transform.LayerNorm.weight', 'text_encoder.cls.predictions.transform.LayerNorm.bias']
[ckpt]   of which visual_encoder=149 text_encoder=199 heads=16
[ckpt] temp=0.087654  organs=['lung', 'heart', 'esophagus', 'aorta']
CKPT_INFO {"n_ckpt": 367, "n_model": 369, "matched": 364}
text prototypes: 23 (official=12 extrapolated=11)
shard 3: 376 volumes to score
[3] 0/376 13s (13.19s/vol)
Mask id: 0 Rank: 0 Incomplete lung 0.9999962924949594
[3] 10/376 34s (3.07s/vol)
[3] 20/376 53s (2.52s/vol)
Mask id: 0 Rank: 0 Incomplete lung 0.9999874636052791
[3] 30/376 63s (2.03s/vol)
[3] 40/376 81s (1.98s/vol)
[3] 50/376 98s (1.93s/vol)
[3] 60/376 116s (1.90s/vol)
[3] 70/376 132s (1.85s/vol)
[3] 80/376 146s (1.81s/vol)
Mask id: 0 Rank: 0 Incomplete lung 0.9998812108167253
[3] 90/376 177s (1.94s/vol)
[3] 100/376 210s (2.07s/vol)
[3] 110/376 231s (2.09s/vol)
[3] 120/376 262s (2.17s/vol)
[3] 130/376 286s (2.18s/vol)
[3] 140/376 315s (2.24s/vol)
Mask id: 0 Rank: 0 Incomplete lung 0.9999447029977528
[3] 150/376 339s (2.25s/vol)
[3] 160/376 383s (2.38s/vol)
[3] 170/376 403s (2.36s/vol)
[3] 180/376 431s (2.38s/vol)
[3] 190/376 472s (2.47s/vol)
[3] 200/376 505s (2.51s/vol)
[3] 210/376 537s (2.54s/vol)
Mask id: 0 Rank: 0 Incomplete lung 0.9999981511063779
[3] 220/376 552s (2.50s/vol)
[3] 230/376 590s (2.56s/vol)
[3] 240/376 620s (2.57s/vol)
[3] 250/376 651s (2.59s/vol)
[3] 260/376 693s (2.65s/vol)
[3] 270/376 712s (2.63s/vol)
[3] 280/376 756s (2.69s/vol)
[3] 290/376 796s (2.74s/vol)
[3] 300/376 820s (2.72s/vol)
Mask id: 0 Rank: 0 Incomplete lung 0.9999941639598992
[3] 310/376 857s (2.76s/vol)
Mask id: 0 Rank: 0 Incomplete lung 0.9999945075767978
[3] 320/376 878s (2.73s/vol)
[3] 330/376 903s (2.73s/vol)
[3] 340/376 937s (2.75s/vol)
[3] 350/376 972s (2.77s/vol)
[3] 360/376 999s (2.77s/vol)
[3] 370/376 1014s (2.73s/vol)
SHARD_DONE 3
