NVIDIA L40
[ckpt] tensors in checkpoint : 367
[ckpt] tensors in model      : 369
[ckpt] MATCHED & LOADED      : 364
[ckpt] shape mismatches      : 0 []
[ckpt] unexpected (ckpt only): 3 ['image_queue', 'text_queue', 'queue_ptr']
[ckpt] missing  (model only) : 5 ['text_encoder.cls.predictions.bias', 'text_encoder.cls.predictions.transform.dense.weight', 'text_encoder.cls.predictions.transform.dense.bias', 'text_encoder.cls.predictions.transform.LayerNorm.weight', 'text_encoder.cls.predictions.transform.LayerNorm.bias']
[ckpt]   of which visual_encoder=149 text_encoder=199 heads=16
[ckpt] temp=0.087654  organs=['lung', 'heart', 'esophagus', 'aorta']
CKPT_INFO {"n_ckpt": 367, "n_model": 369, "matched": 364}
text prototypes: 23 (official=12 extrapolated=11)
shard 0: 377 volumes to score
[0] 0/377 5s (5.18s/vol)
[0] 10/377 44s (4.02s/vol)
Mask id: 0 Rank: 0 Incomplete lung 0.9999929285908303
[0] 20/377 79s (3.74s/vol)
[0] 30/377 99s (3.21s/vol)
[0] 40/377 134s (3.26s/vol)
[0] 50/377 178s (3.48s/vol)
[0] 60/377 194s (3.18s/vol)
[0] 70/377 227s (3.20s/vol)
[0] 80/377 269s (3.32s/vol)
[0] 90/377 312s (3.43s/vol)
[0] 100/377 332s (3.28s/vol)
[0] 110/377 369s (3.32s/vol)
[0] 120/377 409s (3.38s/vol)
[0] 130/377 429s (3.28s/vol)
[0] 140/377 462s (3.27s/vol)
Mask id: 0 Rank: 0 Incomplete lung 0.9999737545324259
[0] 150/377 491s (3.25s/vol)
[0] 160/377 504s (3.13s/vol)
[0] 170/377 537s (3.14s/vol)
[0] 180/377 571s (3.15s/vol)
[0] 190/377 586s (3.07s/vol)
[0] 200/377 628s (3.12s/vol)
[0] 210/377 662s (3.14s/vol)
[0] 220/377 677s (3.06s/vol)
[0] 230/377 711s (3.08s/vol)
Mask id: 0 Rank: 0 Incomplete lung 0.9999921130297481
[0] 240/377 738s (3.06s/vol)
[0] 250/377 759s (3.02s/vol)
[0] 260/377 802s (3.07s/vol)
[0] 270/377 819s (3.02s/vol)
[0] 280/377 861s (3.06s/vol)
[0] 290/377 904s (3.11s/vol)
[0] 300/377 929s (3.09s/vol)
[0] 310/377 959s (3.08s/vol)
[0] 320/377 996s (3.10s/vol)
[0] 330/377 1023s (3.09s/vol)
Mask id: 0 Rank: 0 Incomplete lung 0.9998738533761502
[0] 350/377 1098s (3.13s/vol)
[0] 360/377 1142s (3.16s/vol)
[0] 370/377 1162s (3.13s/vol)
Mask id: 0 Rank: 0 Incomplete lung 0.9999951939961922
SHARD_DONE 0
